components/stock/CashFlowChartD3.tsx(486,18): error TS2322: Type 'RefObject<Selection<SVGSVGElement, unknown, null, undefined> | null>' is not assignable to type 'Ref<SVGSVGElement> | undefined'.
  Type 'RefObject<Selection<SVGSVGElement, unknown, null, undefined> | null>' is not assignable to type 'RefObject<SVGSVGElement | null>'.
    Type 'Selection<SVGSVGElement, unknown, null, undefined> | null' is not assignable to type 'SVGSVGElement | null'.
      Type 'Selection<SVGSVGElement, unknown, null, undefined>' is missing the following properties from type 'SVGSVGElement': currentScale, currentTranslate, height, width, and 340 more.
components/stock/EPSChartD3.tsx(557,18): error TS2322: Type 'RefObject<Selection<SVGSVGElement, unknown, null, undefined> | null>' is not assignable to type 'Ref<SVGSVGElement> | undefined'.
  Type 'RefObject<Selection<SVGSVGElement, unknown, null, undefined> | null>' is not assignable to type 'RefObject<SVGSVGElement | null>'.
    Type 'Selection<SVGSVGElement, unknown, null, undefined> | null' is not assignable to type 'SVGSVGElement | null'.
      Type 'Selection<SVGSVGElement, unknown, null, undefined>' is missing the following properties from type 'SVGSVGElement': currentScale, currentTranslate, height, width, and 340 more.
components/stock/NetIncomeChartD3.tsx(437,18): error TS2322: Type 'RefObject<Selection<SVGSVGElement, unknown, null, undefined> | null>' is not assignable to type 'Ref<SVGSVGElement> | undefined'.
  Type 'RefObject<Selection<SVGSVGElement, unknown, null, undefined> | null>' is not assignable to type 'RefObject<SVGSVGElement | null>'.
    Type 'Selection<SVGSVGElement, unknown, null, undefined> | null' is not assignable to type 'SVGSVGElement | null'.
      Type 'Selection<SVGSVGElement, unknown, null, undefined>' is missing the following properties from type 'SVGSVGElement': currentScale, currentTranslate, height, width, and 340 more.
components/stock/PEChartD3.tsx(446,47): error TS2304: Cannot find name 'oneYearAgo'.
components/stock/PEChartD3.tsx(794,18): error TS2322: Type 'RefObject<Selection<SVGSVGElement, unknown, null, undefined> | null>' is not assignable to type 'Ref<SVGSVGElement> | undefined'.
  Type 'RefObject<Selection<SVGSVGElement, unknown, null, undefined> | null>' is not assignable to type 'RefObject<SVGSVGElement | null>'.
    Type 'Selection<SVGSVGElement, unknown, null, undefined> | null' is not assignable to type 'SVGSVGElement | null'.
      Type 'Selection<SVGSVGElement, unknown, null, undefined>' is missing the following properties from type 'SVGSVGElement': currentScale, currentTranslate, height, width, and 340 more.
components/stock/PriceChartD3.tsx(942,18): error TS2322: Type 'RefObject<Selection<SVGSVGElement, unknown, null, undefined> | null>' is not assignable to type 'Ref<SVGSVGElement> | undefined'.
  Type 'RefObject<Selection<SVGSVGElement, unknown, null, undefined> | null>' is not assignable to type 'RefObject<SVGSVGElement | null>'.
    Type 'Selection<SVGSVGElement, unknown, null, undefined> | null' is not assignable to type 'SVGSVGElement | null'.
      Type 'Selection<SVGSVGElement, unknown, null, undefined>' is missing the following properties from type 'SVGSVGElement': currentScale, currentTranslate, height, width, and 340 more.
components/stock/PriceChartD3.tsx(964,30): error TS18048: 'tooltip.data' is possibly 'undefined'.
components/stock/PriceChartD3.tsx(967,77): error TS18048: 'tooltip.data' is possibly 'undefined'.
components/stock/PriceChartD3.tsx(970,30): error TS18048: 'tooltip.data' is possibly 'undefined'.
components/stock/PriceChartD3.tsx(972,50): error TS18048: 'tooltip.data' is possibly 'undefined'.
components/stock/RevenueChartD3.tsx(451,18): error TS2322: Type 'RefObject<Selection<SVGSVGElement, unknown, null, undefined> | null>' is not assignable to type 'Ref<SVGSVGElement> | undefined'.
  Type 'RefObject<Selection<SVGSVGElement, unknown, null, undefined> | null>' is not assignable to type 'RefObject<SVGSVGElement | null>'.
    Type 'Selection<SVGSVGElement, unknown, null, undefined> | null' is not assignable to type 'SVGSVGElement | null'.
      Type 'Selection<SVGSVGElement, unknown, null, undefined>' is missing the following properties from type 'SVGSVGElement': currentScale, currentTranslate, height, width, and 340 more.
